DISKVOYEUR Analysis
==================
Collecting files from /data/input...
Found 10 files
Extracting features...
Extracted features for 10 files
Analyzing data...
Using 13 numeric features: ['size_log', 'age_days', 'depth', 'filename_length', 'is_hidden', 'has_extension', 'extension_length', 'path_length', 'dirname_length', 'dot_count', 'underscore_count', 'hyphen_count', 'number_count']
Vector shape: (10, 13)
Detecting anomalies...
Clustering files...
Finding duplicates...
Projecting to 2D...
Perplexity adjusted to 4 for 10 samples
Creating visualizations...
Saved plot to /data/output/pca_scatter.png
Saved plot to /data/output/tsne_clusters.png
Saved heatmap to /data/output/similarity_heatmap.png
Visualizations saved to /data/output
Analysis complete. Results saved to output directory.
