DISKVOYEUR Analysis
==================
Collecting files from /data/input...
Found 10 files
Extracting features...
Extracted features for 10 files
Analyzing data...
Using 6 numeric features: ['size_log', 'age_days', 'depth', 'filename_length', 'is_hidden', 'has_extension']
Vector shape: (10, 6)
Detecting anomalies...
Clustering files...
Finding duplicates...
Projecting to 2D...
Error with t-SNE projection: perplexity must be less than n_samples
Traceback (most recent call last):
  File "/app/py/analyze_filesystem.py", line 416, in <module>
    main()
  File "/app/py/analyze_filesystem.py", line 408, in main
    json.dump(results_json, f, indent=2)
  File "/usr/local/lib/python3.9/json/__init__.py", line 179, in dump
    for chunk in iterable:
  File "/usr/local/lib/python3.9/json/encoder.py", line 431, in _iterencode
    yield from _iterencode_dict(o, _current_indent_level)
  File "/usr/local/lib/python3.9/json/encoder.py", line 405, in _iterencode_dict
    yield from chunks
  File "/usr/local/lib/python3.9/json/encoder.py", line 376, in _iterencode_dict
    raise TypeError(f'keys must be str, int, float, bool or None, '
TypeError: keys must be str, int, float, bool or None, not int32
